==============================================================================
test.lua
==============================================================================
   local s = "some text"
 1    .. "some other"
 1 return s

==============================================================================
Summary
==============================================================================

File     Hits Missed Coverage
-----------------------------
test.lua 2    0      100.00%
-----------------------------
Total    2    0      100.00%
