==============================================================================
testlib.lua
==============================================================================
 3 local a = 1
 3 local b = 2

 3 local lib = {}

 3 function lib.f1()
 3    local c = 3
 3    return 4
   end

 3 function lib.f2()
 5    local d = 5
 5    return 6
   end

 3 return lib

==============================================================================
Summary
==============================================================================

File        Hits Missed Coverage
--------------------------------
testlib.lua 10   0      100.00%
--------------------------------
Total       10   0      100.00%
