==============================================================================
test2.lua
==============================================================================
 1 local a = 1

==============================================================================
Summary
==============================================================================

File      Hits Missed Coverage
------------------------------
test2.lua 1    0      100.00%
------------------------------
Total     1    0      100.00%
