==============================================================================
test.lua
==============================================================================
 1 if 10 > 100 then
*0    local msg = "I don't think this line will execute."
   else
 1    local msg = "Hello, LuaCov!"
   end

==============================================================================
Summary
==============================================================================

File     Hits Missed Coverage
-----------------------------
test.lua 2    1      66.67%
-----------------------------
Total    2    1      66.67%
